// Jest Snapshot v1, https://goo.gl/fbAQLP

exports[`<Modal /> Should match snapshot 1`] = `
{
  "asFragment": [Function],
  "baseElement": <body>
    <div>
      <div
        class="sc-kAycRU iFYosF"
      >
        <div
          class="sc-eqUzNf dmHEfC"
        >
          <div
            class="sc-fqkwJk ievLso"
          >
            <h4 />
            <svg
              aria-hidden="true"
              class="close"
              fill="none"
              height="1em"
              stroke="currentColor"
              stroke-width="2"
              viewBox="0 0 24 24"
              width="1em"
              xmlns="http://www.w3.org/2000/svg"
            >
              <path
                d="M6 18L18 6M6 6l12 12"
                stroke-linecap="round"
                stroke-linejoin="round"
              />
            </svg>
          </div>
          <div
            class="sc-dcJtft kWiOqI"
          >
            <p>
              A modal content
            </p>
            <div
              class="sc-iGgVNO iOcrXN"
            >
              <span />
              <div
                class="sc-gsFSjX kkSBQc"
              />
            </div>
          </div>
        </div>
      </div>
    </div>
  </body>,
  "container": <div>
    <div
      class="sc-kAycRU iFYosF"
    >
      <div
        class="sc-eqUzNf dmHEfC"
      >
        <div
          class="sc-fqkwJk ievLso"
        >
          <h4 />
          <svg
            aria-hidden="true"
            class="close"
            fill="none"
            height="1em"
            stroke="currentColor"
            stroke-width="2"
            viewBox="0 0 24 24"
            width="1em"
            xmlns="http://www.w3.org/2000/svg"
          >
            <path
              d="M6 18L18 6M6 6l12 12"
              stroke-linecap="round"
              stroke-linejoin="round"
            />
          </svg>
        </div>
        <div
          class="sc-dcJtft kWiOqI"
        >
          <p>
            A modal content
          </p>
          <div
            class="sc-iGgVNO iOcrXN"
          >
            <span />
            <div
              class="sc-gsFSjX kkSBQc"
            />
          </div>
        </div>
      </div>
    </div>
  </div>,
  "debug": [Function],
  "findAllByAltText": [Function],
  "findAllByDisplayValue": [Function],
  "findAllByLabelText": [Function],
  "findAllByPlaceholderText": [Function],
  "findAllByRole": [Function],
  "findAllByTestId": [Function],
  "findAllByText": [Function],
  "findAllByTitle": [Function],
  "findByAltText": [Function],
  "findByDisplayValue": [Function],
  "findByLabelText": [Function],
  "findByPlaceholderText": [Function],
  "findByRole": [Function],
  "findByTestId": [Function],
  "findByText": [Function],
  "findByTitle": [Function],
  "getAllByAltText": [Function],
  "getAllByDisplayValue": [Function],
  "getAllByLabelText": [Function],
  "getAllByPlaceholderText": [Function],
  "getAllByRole": [Function],
  "getAllByTestId": [Function],
  "getAllByText": [Function],
  "getAllByTitle": [Function],
  "getByAltText": [Function],
  "getByDisplayValue": [Function],
  "getByLabelText": [Function],
  "getByPlaceholderText": [Function],
  "getByRole": [Function],
  "getByTestId": [Function],
  "getByText": [Function],
  "getByTitle": [Function],
  "queryAllByAltText": [Function],
  "queryAllByDisplayValue": [Function],
  "queryAllByLabelText": [Function],
  "queryAllByPlaceholderText": [Function],
  "queryAllByRole": [Function],
  "queryAllByTestId": [Function],
  "queryAllByText": [Function],
  "queryAllByTitle": [Function],
  "queryByAltText": [Function],
  "queryByDisplayValue": [Function],
  "queryByLabelText": [Function],
  "queryByPlaceholderText": [Function],
  "queryByRole": [Function],
  "queryByTestId": [Function],
  "queryByText": [Function],
  "queryByTitle": [Function],
  "rerender": [Function],
  "unmount": [Function],
}
`;
